// Jest Snapshot v1, https://goo.gl/fbAQLP

exports[`Component: Map Snapshots Should render correctly 1`] = `
<React.Fragment>
  <ReactMapboxGl
    bearing={0}
    center={
      Array [
        -103.40932570000001,
        20.6713195,
      ]
    }
    containerStyle={
      Object {
        "height": "calc(100vh - 64px)",
        "width": "100vw",
      }
    }
    movingMethod="flyTo"
    onClick={[Function]}
    onContextMenu={[Function]}
    onDrag={[Function]}
    onStyleLoad={[Function]}
    pitch={0}
    style="mapbox://styles/mapbox/streets-v9"
    zoom={
      Array [
        11,
      ]
    }
  >
    <EnhancedLayer
      id="undefined"
      layout={
        Object {
          "icon-image": "rocket-15",
          "icon-size": 1.8,
          "text-field": "test",
          "text-offset": Array [
            0,
            1.5,
          ],
        }
      }
      type="symbol"
    >
      <Feature
        coordinates={
          Array [
            10,
            10,
          ]
        }
        draggable={true}
        onClick={[Function]}
        onDragEnd={[Function]}
        onDragStart={[Function]}
        onMouseEnter={[Function]}
        onMouseLeave={[Function]}
      />
    </EnhancedLayer>
  </ReactMapboxGl>
  <ConfirmDialog
    onClose={[Function]}
    onConfirm={[Function]}
    open={false}
    place={Object {}}
  />
  <WithStyles(PlaceFormDialog)
    onClose={[Function]}
    onSubmit={[Function]}
    open={false}
    type="ADD"
  />
</React.Fragment>
`;
